Buzz
Buzz
Fizz
Buzz
Fizz
Fizz
Buzz
Fizz
Fizz
Buzz
Buzz
Fizz
Fizz
Buzz
Fizz
Buzz
Fizz
Fizz
Buzz
Fizz
Buzz
Buzz
Fizz
Fizz
Buzz
Fizz
Buzz
Fizz
Buzz
Fizz
Fizz
Buzz
Fizz
Buzz
Fizz
Buzz
Buzz
Fizz
Fizz
Buzz
Fizz
Buzz
Fizz
Buzz
Buzz
Buzz
Fizz
Fizz
Buzz
Fizz
Buzz
Fizz
Buzz
Buzz
Buzz
Buzz
Fizz
Fizz
Buzz
Fizz
Buzz
Fizz
Buzz
Buzz
Buzz
Fizz
Buzz
Fizz
Fizz
Buzz
Fizz
Buzz
Fizz
Buzz
Buzz
Buzz
Fizz
Buzz
Buzz
Fizz
Fizz
Buzz
Fizz
Buzz
Fizz
Buzz
Buzz
Buzz
Fizz
Buzz
Fizz
Buzz
Fizz
Fizz
Buzz
Fizz
Buzz
Fizz
Buzz
Buzz
Buzz
Fizz
Buzz
Fizz
Buzz
Buzz
Fizz
Fizz
Buzz
Fizz
Buzz
Fizz
Buzz
Buzz
Buzz
Fizz
Buzz
Fizz
Buzz
Buzz
Buzz
Fizz
Fizz
Buzz
Fizz
Buzz
Fizz
Buzz
Buzz
Buzz
Fizz
Buzz
Fizz
Buzz
Buzz
Buzz
Buzz
Fizz
Fizz
Buzz
Fizz
Buzz
Fizz
Buzz
Buzz
Buzz
Fizz
Buzz
Fizz
Buzz
Buzz
Buzz
Fizz
Buzz
Fizz
Fizz
Buzz
Fizz
Buzz
Fizz
Buzz
Buzz
Buzz
Fizz
Buzz
Fizz
Buzz
Buzz
Buzz
Fizz
Buzz
Buzz
Fizz
Fizz
Buzz
Fizz
Buzz
Fizz
Buzz
Buzz
Buzz
Fizz
Buzz
Fizz
Buzz
Buzz
Buzz
Fizz
Buzz
Fizz
Buzz
Fizz
Fizz
Buzz
Fizz
Buzz
Fizz
Buzz
Buzz
Buzz
Fizz
Buzz
Fizz
Buzz
Buzz
Buzz
Fizz
Buzz
Fizz
Buzz
Buzz
Fizz
Fizz
Buzz
Fizz
Buzz
Fizz
Buzz
Buzz
Buzz
Fizz
Buzz
Fizz
Buzz
Buzz
Buzz
Fizz
Buzz
Fizz
Buzz
Buzz
Buzz
Fizz
Fizz
Buzz
Fizz
Buzz
Fizz
Buzz
Buzz
Buzz
Fizz
Buzz
Fizz
Buzz
Buzz
Buzz
Fizz
Buzz
Fizz
Buzz
Buzz
Buzz
Buzz
Fizz
Fizz
Buzz
Fizz
Buzz
Fizz
Buzz
Buzz
Buzz
Fizz
Buzz
Fizz
Buzz
Buzz
Buzz
Fizz
Buzz
Fizz
Buzz
Buzz
Buzz
Fizz
Buzz
Fizz
Fizz
Buzz
Fizz
Buzz
Fizz
Buzz
Buzz
Buzz
Fizz
Buzz
Fizz
Buzz
Buzz
Buzz
Fizz
Buzz
Fizz
Buzz
Buzz
Buzz
Fizz
Buzz
Buzz
Fizz
Fizz
Buzz
Fizz
Buzz
Fizz
Buzz
Buzz
Buzz
Fizz
Buzz
Fizz
Buzz
Buzz
Buzz
Fizz
Buzz
Fizz
Buzz
Buzz
Buzz
Fizz
Buzz
Buzz
Buzz
Fizz
Fizz
Buzz
Fizz
Buzz
Fizz
Buzz
Buzz
Buzz
Fizz
Buzz
Fizz
Buzz
Buzz
Buzz
Fizz
Buzz
Fizz
Buzz
Buzz
Buzz
Fizz
Buzz
Buzz
Buzz
Buzz
Fizz
Fizz
Buzz
Fizz
Buzz
Fizz
Buzz
Buzz
Buzz
Fizz
Buzz
Fizz
Buzz
Buzz
Buzz
Fizz
Buzz
Fizz
Buzz
Buzz
Buzz
Fizz
Buzz
Buzz
Buzz
Buzz
Buzz
Fizz
Fizz
Buzz
Fizz
Buzz
Fizz
Buzz
Buzz
Buzz
Fizz
Buzz
Fizz
Buzz
Buzz
Buzz
Fizz
Buzz
Fizz
Buzz
Buzz
Buzz
Fizz
Buzz
Buzz
Buzz
Buzz
Buzz
Buzz
Fizz
Fizz
Buzz
Fizz
Buzz
Fizz
Buzz
Buzz
Buzz
Fizz
Buzz
Fizz
Buzz
Buzz
Buzz
Fizz
Buzz
Fizz
Buzz
Buzz
Buzz
Fizz
Buzz
Buzz
Buzz
Buzz
Buzz
Fizz
Buzz
Fizz
Fizz
Buzz
Fizz
Buzz
Fizz
Buzz
Buzz
Buzz
Fizz
Buzz
Fizz
Buzz
Buzz
Buzz
Fizz
Buzz
Fizz
Buzz
Buzz
Buzz
Fizz
Buzz
Buzz
Buzz
Buzz
Buzz
Fizz
Buzz
Buzz
Fizz
Fizz
Buzz
Fizz
Buzz
Fizz
Buzz
Buzz
Buzz
Fizz
Buzz
Fizz
Buzz
Buzz
Buzz
Fizz
Buzz
Fizz
Buzz
Buzz
Buzz
Fizz
Buzz
Buzz
Buzz
Buzz
Buzz
Fizz
Buzz
Fizz
Buzz
Fizz
Fizz
Buzz
Fizz
Buzz
Fizz
Buzz
Buzz
Buzz
Fizz
Buzz
Fizz
Buzz
Buzz
Buzz
Fizz
Buzz
Fizz
Buzz
Buzz
Buzz
Fizz
Buzz
Buzz
Buzz
Buzz
Buzz
Fizz
Buzz
Fizz
Buzz
Buzz
Fizz
Fizz
Buzz
Fizz
Buzz
Fizz
Buzz
Buzz
Buzz
Fizz
Buzz
Fizz
Buzz
Buzz
Buzz
Fizz
Buzz
Fizz
Buzz
Buzz
Buzz
Fizz
Buzz
Buzz
Buzz
Buzz
Buzz
Fizz
Buzz
Fizz
Buzz
Buzz
Buzz
Fizz
Fizz
Buzz
Fizz
Buzz
Fizz
Buzz
Buzz
Buzz
Fizz
Buzz
Fizz
Buzz
Buzz
Buzz
Fizz
Buzz
Fizz
Buzz
Buzz
Buzz
Fizz
Buzz
Buzz
Buzz
Buzz
Buzz
Fizz
Buzz
Fizz
Buzz
Buzz
Buzz
Buzz
Fizz
Fizz
Buzz
Fizz
Buzz
Fizz
Buzz
Buzz
Buzz
Fizz
Buzz
Fizz
Buzz
Buzz
Buzz
Fizz
Buzz
Fizz
Buzz
Buzz
Buzz
Fizz
Buzz
Buzz
Buzz
Buzz
Buzz
Fizz
Buzz
Fizz
Buzz
Buzz
Buzz
Buzz
Buzz
Fizz
Fizz
Buzz
Fizz
Buzz
Fizz
Buzz
Buzz
Buzz
Fizz
Buzz
Fizz
Buzz
Buzz
Buzz
Fizz
Buzz
Fizz
Buzz
Buzz
Buzz
Fizz
Buzz
Buzz
Buzz
Buzz
Buzz
Fizz
Buzz
Fizz
Buzz
Buzz
Buzz
Buzz
Buzz
Buzz
Fizz
Fizz
Buzz
Fizz
Buzz
Fizz
Buzz
Buzz
Buzz
Fizz
Buzz
Fizz
Buzz
Buzz
Buzz
Fizz
Buzz
Fizz
Buzz
Buzz
Buzz
Fizz
Buzz
Buzz
Buzz
Buzz
Buzz
Fizz
Buzz
Fizz
Buzz
Buzz
Buzz
Buzz
Buzz
Fizz
Buzz
Fizz
Fizz
Buzz
Fizz
Buzz
Fizz
Buzz
Buzz
Buzz
Fizz
Buzz
Fizz
Buzz
Buzz
Buzz
Fizz
Buzz
Fizz
Buzz
Buzz
Buzz
Fizz
Buzz
Buzz
Buzz
Buzz
Buzz
Fizz
Buzz
Fizz
Buzz
Buzz
Buzz
Buzz
Buzz
Fizz
Buzz
Buzz
Fizz
Fizz
Buzz
Fizz
Buzz
Fizz
Buzz
Buzz
Buzz
Fizz
Buzz
Fizz
Buzz
Buzz
Buzz
Fizz
Buzz
Fizz
Buzz
Buzz
Buzz
Fizz
Buzz
Buzz
Buzz
Buzz
Buzz
Fizz
Buzz
Fizz
Buzz
Buzz
Buzz
Buzz
Buzz
Fizz
Buzz
Buzz
Buzz
Fizz
Fizz
Buzz
Fizz
Buzz
Fizz
Buzz
Buzz
Buzz
Fizz
Buzz
Fizz
Buzz
Buzz
Buzz
Fizz
Buzz
Fizz
Buzz
Buzz
Buzz
Fizz
Buzz
Buzz
Buzz
Buzz
Buzz
Fizz
Buzz
Fizz
Buzz
Buzz
Buzz
Buzz
Buzz
Fizz
Buzz
Buzz
Buzz
Buzz
Fizz
Fizz
Buzz
Fizz
Buzz
Fizz
Buzz
Buzz
Buzz
Fizz
Buzz
Fizz
Buzz
Buzz
Buzz
Fizz
Buzz
Fizz
Buzz
Buzz
Buzz
Fizz
Buzz
Buzz
Buzz
Buzz
Buzz
Fizz
Buzz
Fizz
Buzz
Buzz
Buzz
Buzz
Buzz
Fizz
Buzz
Buzz
Buzz
Fizz
Buzz
Fizz
Fizz
Buzz
Fizz
Buzz
Fizz
Buzz
Buzz
Buzz
Fizz
Buzz
Fizz
Buzz
Buzz
Buzz
Fizz
Buzz
Fizz
Buzz
Buzz
Buzz
Fizz
Buzz
Buzz
Buzz
Buzz
Buzz
Fizz
Buzz
Fizz
Buzz
Buzz
Buzz
Buzz
Buzz
Fizz
Buzz
Buzz
Buzz
Fizz
Buzz
Buzz
Fizz
Fizz
Buzz
Fizz
Buzz
Fizz
Buzz
Buzz
Buzz
Fizz
Buzz
Fizz
Buzz
Buzz
Buzz
Fizz
Buzz
Fizz
Buzz
Buzz
Buzz
Fizz
Buzz
Buzz
Buzz
Buzz
Buzz
Fizz
Buzz
Fizz
Buzz
Buzz
Buzz
Buzz
Buzz
Fizz
Buzz
Buzz
Buzz
Fizz
Buzz
Fizz
Buzz
Fizz
Fizz
Buzz
Fizz
Buzz
Fizz
Buzz
Buzz
Buzz
Fizz
Buzz
Fizz
Buzz
Buzz
Buzz
Fizz
Buzz
Fizz
Buzz
Buzz
Buzz
Fizz
Buzz
Buzz
Buzz
Buzz
Buzz
Fizz
Buzz
Fizz
Buzz
Buzz
Buzz
Buzz
Buzz
Fizz
Buzz
Buzz
Buzz
Fizz
Buzz
Fizz
Buzz
Buzz
Fizz
Fizz
Buzz
Fizz
Buzz
Fizz
Buzz
Buzz
Buzz
Fizz
Buzz
Fizz
Buzz
Buzz
Buzz
Fizz
Buzz
Fizz
Buzz
Buzz
Buzz
Fizz
Buzz
Buzz
Buzz
Buzz
Buzz
Fizz
Buzz
Fizz
Buzz
Buzz
Buzz
Buzz
Buzz
Fizz
Buzz
Buzz
Buzz
Fizz
Buzz
Fizz
Buzz
Buzz
Buzz
Fizz
Fizz
Buzz
Fizz
Buzz
Fizz
Buzz
Buzz
Buzz
Fizz
Buzz
Fizz
Buzz
Buzz
Buzz
Fizz
Buzz
Fizz
Buzz
Buzz
Buzz
Fizz
Buzz
Buzz
Buzz
Buzz
Buzz
Fizz
Buzz
Fizz
Buzz
Buzz
Buzz
Buzz
Buzz
Fizz
Buzz
Buzz
Buzz
Fizz
Buzz
Fizz
Buzz
Buzz
Buzz
Buzz
Fizz
Fizz
Buzz
Fizz
Buzz
Fizz
Buzz
Buzz
Buzz
Fizz
Buzz
Fizz
Buzz
Buzz
Buzz
Fizz
Buzz
Fizz
Buzz
Buzz
Buzz
Fizz
Buzz
Buzz
Buzz
Buzz
Buzz
Fizz
Buzz
Fizz
Buzz
Buzz
Buzz
Buzz
Buzz
Fizz
Buzz
Buzz
Buzz
Fizz
Buzz
Fizz
Buzz
Buzz
Buzz
Fizz
Buzz
Fizz
Fizz
Buzz
Fizz
Buzz
Fizz
Buzz
Buzz
Buzz
Fizz
Buzz
Fizz
Buzz
Buzz
Buzz
Fizz
Buzz
Fizz
Buzz
Buzz
Buzz
Fizz
Buzz
Buzz
Buzz
Buzz
Buzz
Fizz
Buzz
Fizz
Buzz
Buzz
Buzz
Buzz
Buzz
Fizz
Buzz
Buzz
Buzz
Fizz
Buzz
Fizz
Buzz
Buzz
Buzz
Fizz
Buzz
Buzz
Fizz
Fizz
Buzz
Fizz
Buzz
Fizz
Buzz
Buzz
Buzz
Fizz
Buzz
Fizz
Buzz
Buzz
Buzz
Fizz
Buzz
Fizz
Buzz
Buzz
Buzz
Fizz
Buzz
Buzz
Buzz
Buzz
Buzz
Fizz
Buzz
Fizz
Buzz
Buzz
Buzz
Buzz
Buzz
Fizz
Buzz
Buzz
Buzz
Fizz
Buzz
Fizz
Buzz
Buzz
Buzz
Fizz
Buzz
Buzz
Buzz
Fizz
Fizz
Buzz
Fizz
Buzz
Fizz
Buzz
Buzz
Buzz
Fizz
Buzz
Fizz
Buzz
Buzz
Buzz
Fizz
Buzz
Fizz
Buzz
Buzz
Buzz
Fizz
Buzz
Buzz
Buzz
Buzz
Buzz
Fizz
Buzz
Fizz
Buzz
Buzz
Buzz
Buzz
Buzz
Fizz
Buzz
Buzz
Buzz
Fizz
Buzz
Fizz
Buzz
Buzz
Buzz
Fizz
Buzz
Buzz
Buzz
Buzz
Fizz
Fizz
Buzz
Fizz
Buzz
Fizz
Buzz
Buzz
Buzz
Fizz
Buzz
Fizz
Buzz
Buzz
Buzz
Fizz
Buzz
Fizz
Buzz
Buzz
Buzz
Fizz
Buzz
Buzz
Buzz
Buzz
Buzz
Fizz
Buzz
Fizz
Buzz
Buzz
Buzz
Buzz
Buzz
Fizz
Buzz
Buzz
Buzz
Fizz
Buzz
Fizz
Buzz
Buzz
Buzz
Fizz
Buzz
Buzz
Buzz
Buzz
Buzz
Fizz
Fizz
Buzz
Fizz
Buzz
Fizz
Buzz
Buzz
Buzz
Fizz
Buzz
Fizz
Buzz
Buzz
Buzz
Fizz
Buzz
Fizz
Buzz
Buzz
Buzz
Fizz
Buzz
Buzz
Buzz
Buzz
Buzz
Fizz
Buzz
Fizz
Buzz
Buzz
Buzz
Buzz
Buzz
Fizz
Buzz
Buzz
Buzz
Fizz
Buzz
Fizz
Buzz
Buzz
Buzz
Fizz
Buzz
Buzz
Buzz
Buzz
Buzz
Buzz
Fizz
Fizz
Buzz
Fizz
Buzz
Fizz
Buzz
Buzz
Buzz
Fizz
Buzz
Fizz
Buzz
Buzz
Buzz
Fizz
Buzz
Fizz
Buzz
Buzz
Buzz
Fizz
Buzz
Buzz
Buzz
Buzz
Buzz
Fizz
Buzz
Fizz
Buzz
Buzz
Buzz
Buzz
Buzz
Fizz
Buzz
Buzz
Buzz
Fizz
Buzz
Fizz
Buzz
Buzz
Buzz
Fizz
Buzz
Buzz
Buzz
Buzz
Buzz
Fizz
Buzz
Fizz
Fizz
Buzz
Fizz
Buzz
Fizz
Buzz
Buzz
Buzz
Fizz
Buzz
Fizz
Buzz
Buzz
Buzz
Fizz
Buzz
Fizz
Buzz
Buzz
Buzz
Fizz
Buzz
Buzz
Buzz
Buzz
Buzz
Fizz
Buzz
Fizz
Buzz
Buzz
Buzz
Buzz
Buzz
Fizz
Buzz
Buzz
Buzz
Fizz
Buzz
Fizz
Buzz
Buzz
Buzz
Fizz
Buzz
Buzz
Buzz
Buzz
Buzz
Fizz
Buzz
Buzz
Fizz
Fizz
Buzz
Fizz
Buzz
Fizz
Buzz
Buzz
Buzz
Fizz
Buzz
Fizz
Buzz
Buzz
Buzz
Fizz
Buzz
Fizz
Buzz
Buzz
Buzz
Fizz
Buzz
Buzz
Buzz
Buzz
Buzz
Fizz
Buzz
Fizz
Buzz
Buzz
Buzz
Buzz
Buzz
Fizz
Buzz
Buzz
Buzz
Fizz
Buzz
Fizz
Buzz
Buzz
Buzz
Fizz
Buzz
Buzz
Buzz
Buzz
Buzz
Fizz
Buzz
Buzz
Buzz
Fizz
Fizz
Buzz
Fizz
Buzz
Fizz
Buzz
Buzz
Buzz
Fizz
Buzz
Fizz
Buzz
Buzz
Buzz
Fizz
Buzz
Fizz
Buzz
Buzz
Buzz
Fizz
Buzz
Buzz
Buzz
Buzz
Buzz
Fizz
Buzz
Fizz
Buzz
Buzz
Buzz
Buzz
Buzz
Fizz
Buzz
Buzz
Buzz
Fizz
Buzz
Fizz
Buzz
Buzz
Buzz
Fizz
Buzz
Buzz
Buzz
Buzz
Buzz
Fizz
Buzz
Buzz
Buzz
Buzz
Fizz
Fizz
Buzz
Fizz
Buzz
Fizz
Buzz
Buzz
Buzz
Fizz
Buzz
Fizz
Buzz
Buzz
Buzz
Fizz
Buzz
Fizz
Buzz
Buzz
Buzz
Fizz
Buzz
Buzz
Buzz
Buzz
Buzz
Fizz
Buzz
Fizz
Buzz
Buzz
Buzz
Buzz
Buzz
Fizz
Buzz
Buzz
Buzz
Fizz
Buzz
Fizz
Buzz
Buzz
Buzz
Fizz
Buzz
Buzz
Buzz
Buzz
Buzz
Fizz
Buzz
Buzz
Buzz
Buzz
Buzz
Fizz
Fizz
Buzz
Fizz
Buzz
Fizz
Buzz
Buzz
Buzz
Fizz
Buzz
Fizz
Buzz
Buzz
Buzz
Fizz
Buzz
Fizz
Buzz
Buzz
Buzz
Fizz
Buzz
Buzz
Buzz
Buzz
Buzz
Fizz
Buzz
Fizz
Buzz
Buzz
Buzz
Buzz
Buzz
Fizz
Buzz
Buzz
Buzz
Fizz
Buzz
Fizz
Buzz
Buzz
Buzz
Fizz
Buzz
Buzz
Buzz
Buzz
Buzz
Fizz
Buzz
Buzz
Buzz
Buzz
Buzz
Buzz
Fizz
Fizz
Buzz
Fizz
Buzz
Fizz
Buzz
Buzz
Buzz
Fizz
Buzz
Fizz
Buzz
Buzz
Buzz
Fizz
Buzz
Fizz
Buzz
Buzz
Buzz
Fizz
Buzz
Buzz
Buzz
Buzz
Buzz
Fizz
Buzz
Fizz
Buzz
Buzz
Buzz
Buzz
Buzz
Fizz
Buzz
Buzz
Buzz
Fizz
Buzz
Fizz
Buzz
Buzz
Buzz
Fizz
Buzz
Buzz
Buzz
Buzz
Buzz
Fizz
Buzz
Buzz
Buzz
Buzz
Buzz
Fizz
Buzz
Fizz
Fizz
Buzz
Fizz
Buzz
Fizz
Buzz
Buzz
Buzz
Fizz
Buzz
Fizz
Buzz
Buzz
Buzz
Fizz
Buzz
Fizz
Buzz
Buzz
Buzz
Fizz
Buzz
Buzz
Buzz
Buzz
Buzz
Fizz
Buzz
Fizz
Buzz
Buzz
Buzz
Buzz
Buzz
Fizz
Buzz
Buzz
Buzz
Fizz
Buzz
Fizz
Buzz
Buzz
Buzz
Fizz
Buzz
Buzz
Buzz
Buzz
Buzz
Fizz
Buzz
Buzz
Buzz
Buzz
Buzz
Fizz
Buzz
Buzz
Fizz
Fizz
Buzz
Fizz
Buzz
Fizz
Buzz
Buzz
Buzz
Fizz
Buzz
Fizz
Buzz
Buzz
Buzz
Fizz
Buzz
Fizz
Buzz
Buzz
Buzz
Fizz
Buzz
Buzz
Buzz
Buzz
Buzz
Fizz
Buzz
Fizz
Buzz
Buzz
Buzz
Buzz
Buzz
Fizz
Buzz
Buzz
Buzz
Fizz
Buzz
Fizz
Buzz
Buzz
Buzz
Fizz
Buzz
Buzz
Buzz
Buzz
Buzz
Fizz
Buzz
Buzz
Buzz
Buzz
Buzz
Fizz
Buzz
Fizz
Buzz
Fizz
Fizz
Buzz
Fizz
Buzz
Fizz
Buzz
Buzz
Buzz
Fizz
Buzz
Fizz
Buzz
Buzz
Buzz
Fizz
Buzz
Fizz
Buzz
Buzz
Buzz
Fizz
Buzz
Buzz
Buzz
Buzz
Buzz
Fizz
Buzz
Fizz
Buzz
Buzz
Buzz
Buzz
Buzz
Fizz
Buzz
Buzz
Buzz
Fizz
Buzz
Fizz
Buzz
Buzz
Buzz
Fizz
Buzz
Buzz
Buzz
Buzz
Buzz
Fizz
Buzz
Buzz
Buzz
Buzz
Buzz
Fizz
Buzz
Fizz
Buzz
Buzz
Fizz
Fizz
Buzz
Fizz
Buzz
Fizz
Buzz
Buzz
Buzz
Fizz
Buzz
Fizz
Buzz
Buzz
Buzz
Fizz
Buzz
Fizz
Buzz
Buzz
Buzz
Fizz
Buzz
Buzz
Buzz
Buzz
Buzz
Fizz
Buzz
Fizz
Buzz
Buzz
Buzz
Buzz
Buzz
Fizz
Buzz
Buzz
Buzz
Fizz
Buzz
Fizz
Buzz
Buzz
Buzz
Fizz
Buzz
Buzz
Buzz
Buzz
Buzz
Fizz
Buzz
Buzz
Buzz
Buzz
Buzz
Fizz
Buzz
Fizz
Buzz
Buzz
Buzz
Fizz
Fizz
Buzz
Fizz
Buzz
Fizz
Buzz
Buzz
Buzz
Fizz
Buzz
Fizz
Buzz
Buzz
Buzz
Fizz
Buzz
Fizz
Buzz
Buzz
Buzz
Fizz
Buzz
Buzz
Buzz
Buzz
Buzz
Fizz
Buzz
Fizz
Buzz
Buzz
Buzz
Buzz
Buzz
Fizz
Buzz
Buzz
Buzz
Fizz
Buzz
Fizz
Buzz
Buzz
Buzz
Fizz
Buzz
Buzz
Buzz
Buzz
Buzz
Fizz
Buzz
Buzz
Buzz
Buzz
Buzz
Fizz
Buzz
Fizz
Buzz
Buzz
Buzz
Buzz
Fizz
Fizz
Buzz
Fizz
Buzz
Fizz
Buzz
Buzz
Buzz
Fizz
Buzz
Fizz
Buzz
Buzz
Buzz
Fizz
Buzz
Fizz
Buzz
Buzz
Buzz
Fizz
Buzz
Buzz
Buzz
Buzz
Buzz
Fizz
Buzz
Fizz
Buzz
Buzz
Buzz
Buzz
Buzz
Fizz
Buzz
Buzz
Buzz
Fizz
Buzz
Fizz
Buzz
Buzz
Buzz
Fizz
Buzz
Buzz
Buzz
Buzz
Buzz
Fizz
Buzz
Buzz
Buzz
Buzz
Buzz
Fizz
Buzz
Fizz
Buzz
Buzz
Buzz
Buzz
Buzz
Fizz
Fizz
Buzz
Fizz
Buzz
Fizz
Buzz
Buzz
Buzz
Fizz
Buzz
Fizz
Buzz
Buzz
Buzz
Fizz
Buzz
Fizz
Buzz
Buzz
Buzz
Fizz
Buzz
Buzz
Buzz
Buzz
Buzz
Fizz
Buzz
Fizz
Buzz
Buzz
Buzz
Buzz
Buzz
Fizz
Buzz
Buzz
Buzz
Fizz
Buzz
Fizz
Buzz
Buzz
Buzz
Fizz
Buzz
Buzz
Buzz
Buzz
Buzz
Fizz
Buzz
Buzz
Buzz
Buzz
Buzz
Fizz
Buzz
Fizz
Buzz
Buzz
Buzz
Buzz
Buzz
Buzz
Fizz
Fizz
Buzz
Fizz
Buzz
Fizz
Buzz
Buzz
Buzz
Fizz
Buzz
Fizz
Buzz
Buzz
Buzz
Fizz
Buzz
Fizz
Buzz
Buzz
Buzz
Fizz
Buzz
Buzz
Buzz
Buzz
Buzz
Fizz
Buzz
Fizz
Buzz
Buzz
Buzz
Buzz
Buzz
Fizz
Buzz
Buzz
Buzz
Fizz
Buzz
Fizz
Buzz
Buzz
Buzz
Fizz
Buzz
Buzz
Buzz
Buzz
Buzz
Fizz
Buzz
Buzz
Buzz
Buzz
Buzz
Fizz
Buzz
Fizz
Buzz
Buzz
Buzz
Buzz
Buzz
Fizz
Buzz
Fizz
Fizz
Buzz
Fizz
Buzz
Fizz
Buzz
Buzz
Buzz
Fizz
Buzz
Fizz
Buzz
Buzz
Buzz
Fizz
Buzz
Fizz
Buzz
Buzz
Buzz
Fizz
Buzz
Buzz
Buzz
Buzz
Buzz
Fizz
Buzz
Fizz
Buzz
Buzz
Buzz
Buzz
Buzz
Fizz
Buzz
Buzz
Buzz
Fizz
Buzz
Fizz
Buzz
Buzz
Buzz
Fizz
Buzz
Buzz
Buzz
Buzz
Buzz
Fizz
Buzz
Buzz
Buzz
Buzz
Buzz
Fizz
Buzz
Fizz
Buzz
Buzz
Buzz
Buzz
Buzz
Fizz
Buzz
Buzz
Fizz
Fizz
Buzz
Fizz
Buzz
Fizz
Buzz
Buzz
Buzz
Fizz
Buzz
Fizz
Buzz
Buzz
Buzz
Fizz
Buzz
Fizz
Buzz
Buzz
Buzz
Fizz
Buzz
Buzz
Buzz
Buzz
Buzz
Fizz
Buzz
Fizz
Buzz
Buzz
Buzz
Buzz
Buzz
Fizz
Buzz
Buzz
Buzz
Fizz
Buzz
Fizz
Buzz
Buzz
Buzz
Fizz
Buzz
Buzz
Buzz
Buzz
Buzz
Fizz
Buzz
Buzz
Buzz
Buzz
Buzz
Fizz
Buzz
Fizz
Buzz
Buzz
Buzz
Buzz
Buzz
Fizz
Buzz
Buzz
Buzz
Fizz
Fizz
Buzz
Fizz
Buzz
Fizz
Buzz
Buzz
Buzz
Fizz
Buzz
Fizz
Buzz
Buzz
Buzz
Fizz
Buzz
Fizz
Buzz
Buzz
Buzz
Fizz
Buzz
Buzz
Buzz
Buzz
Buzz
Fizz
Buzz
Fizz
Buzz
Buzz
Buzz
Buzz
Buzz
Fizz
Buzz
Buzz
Buzz
Fizz
Buzz
Fizz
Buzz
Buzz
Buzz
Fizz
Buzz
Buzz
Buzz
Buzz
Buzz
Fizz
Buzz
Buzz
Buzz
Buzz
Buzz
Fizz
Buzz
Fizz
Buzz
Buzz
Buzz
Buzz
Buzz
Fizz
Buzz
Buzz
Buzz
Buzz
Fizz
Fizz
Buzz
Fizz
Buzz
Fizz
Buzz
Buzz
Buzz
Fizz
Buzz
Fizz
Buzz
Buzz
Buzz
Fizz
Buzz
Fizz
Buzz
Buzz
Buzz
Fizz
Buzz
Buzz
Buzz
Buzz
Buzz
Fizz
Buzz
Fizz
Buzz
Buzz
Buzz
Buzz
Buzz
Fizz
Buzz
Buzz
Buzz
Fizz
Buzz
Fizz
Buzz
Buzz
Buzz
Fizz
Buzz
Buzz
Buzz
Buzz
Buzz
Fizz
Buzz
Buzz
Buzz
Buzz
Buzz
Fizz
Buzz
Fizz
Buzz
Buzz
Buzz
Buzz
Buzz
Fizz
Buzz
Buzz
Buzz
Fizz
Buzz
Fizz
Fizz
Buzz
Fizz
Buzz
Fizz
Buzz
Buzz
Buzz
Fizz
Buzz
Fizz
Buzz
Buzz
Buzz
Fizz
Buzz
Fizz
Buzz
Buzz
Buzz
Fizz
Buzz
Buzz
Buzz
Buzz
Buzz
Fizz
Buzz
Fizz
Buzz
Buzz
Buzz
Buzz
Buzz
Fizz
Buzz
Buzz
Buzz
Fizz
Buzz
Fizz
Buzz
Buzz
Buzz
Fizz
Buzz
Buzz
Buzz
Buzz
Buzz
Fizz
Buzz
Buzz
Buzz
Buzz
Buzz
Fizz
Buzz
Fizz
Buzz
Buzz
Buzz
Buzz
Buzz
Fizz
Buzz
Buzz
Buzz
Fizz
Buzz
Buzz
Fizz
Fizz
Buzz
Fizz
Buzz
Fizz
Buzz
Buzz
Buzz
Fizz
Buzz
Fizz
Buzz
Buzz
Buzz
Fizz
Buzz
Fizz
Buzz
Buzz
Buzz
Fizz
Buzz
Buzz
Buzz
Buzz
Buzz
Fizz
Buzz
Fizz
Buzz
Buzz
Buzz
Buzz
Buzz
Fizz
Buzz
Buzz
Buzz
Fizz
Buzz
Fizz
Buzz
Buzz
Buzz
Fizz
Buzz
Buzz
Buzz
Buzz
Buzz
Fizz
Buzz
Buzz
Buzz
Buzz
Buzz
Fizz
Buzz
Fizz
Buzz
Buzz
Buzz
Buzz
Buzz
Fizz
Buzz
Buzz
Buzz
Fizz
Buzz
Fizz
Buzz
Fizz
Fizz
Buzz
Fizz
Buzz
Fizz
Buzz
Buzz
Buzz
Fizz
Buzz
Fizz
Buzz
Buzz
Buzz
Fizz
Buzz
Fizz
Buzz
Buzz
Buzz
Fizz
Buzz
Buzz
Buzz
Buzz
Buzz
Fizz
Buzz
Fizz
Buzz
Buzz
Buzz
Buzz
Buzz
Fizz
Buzz
Buzz
Buzz
Fizz
Buzz
Fizz
Buzz
Buzz
Buzz
Fizz
Buzz
Buzz
Buzz
Buzz
Buzz
Fizz
Buzz
Buzz
Buzz
Buzz
Buzz
Fizz
Buzz
Fizz
Buzz
Buzz
Buzz
Buzz
Buzz
Fizz
Buzz
Buzz
Buzz
Fizz
Buzz
Fizz
Buzz
Buzz
Fizz
Fizz
Buzz
Fizz
Buzz
Fizz
Buzz
Buzz
Buzz
Fizz
Buzz
Fizz
Buzz
Buzz
Buzz
Fizz
Buzz
Fizz
Buzz
Buzz
Buzz
Fizz
Buzz
Buzz
Buzz
Buzz
Buzz
Fizz
Buzz
Fizz
Buzz
Buzz
Buzz
Buzz
Buzz
Fizz
Buzz
Buzz
Buzz
Fizz
Buzz
Fizz
Buzz
Buzz
Buzz
Fizz
Buzz
Buzz
Buzz
Buzz
Buzz
Fizz
Buzz
Buzz
Buzz
Buzz
Buzz
Fizz
Buzz
Fizz
Buzz
Buzz
Buzz
Buzz
Buzz
Fizz
Buzz
Buzz
Buzz
Fizz
Buzz
Fizz
Buzz
Buzz
Buzz
Fizz
Fizz
Buzz
Fizz
Buzz
Fizz
Buzz
Buzz
Buzz
Fizz
Buzz
Fizz
Buzz
Buzz
Buzz
Fizz
Buzz
Fizz
Buzz
Buzz
Buzz
Fizz
Buzz
Buzz
Buzz
Buzz
Buzz
Fizz
Buzz
Fizz
Buzz
Buzz
Buzz
Buzz
Buzz
Fizz
Buzz
Buzz
Buzz
Fizz
Buzz
Fizz
Buzz
Buzz
Buzz
Fizz
Buzz
Buzz
Buzz
Buzz
Buzz
Fizz
Buzz
Buzz
Buzz
Buzz
Buzz
Fizz
Buzz
Fizz
Buzz
Buzz
Buzz
Buzz
Buzz
Fizz
Buzz
Buzz
Buzz
Fizz
Buzz
Fizz
Buzz
Buzz
Buzz
Buzz
Fizz
Fizz
Buzz
Fizz
Buzz
Fizz
Buzz
Buzz
Buzz
Fizz
Buzz
Fizz
Buzz
Buzz
Buzz
Fizz
Buzz
Fizz
Buzz
Buzz
Buzz
Fizz
Buzz
Buzz
Buzz
Buzz
Buzz
Fizz
Buzz
Fizz
Buzz
Buzz
Buzz
Buzz
Buzz
Fizz
Buzz
Buzz
Buzz
Fizz
Buzz
Fizz
Buzz
Buzz
Buzz
Fizz
Buzz
Buzz
Buzz
Buzz
Buzz
Fizz
Buzz
Buzz
Buzz
Buzz
Buzz
Fizz
Buzz
Fizz
Buzz
Buzz
Buzz
Buzz
Buzz
Fizz
Buzz
Buzz
Buzz
Fizz
Buzz
Fizz
Buzz
Buzz
Buzz
Buzz
Buzz
Fizz
Fizz
Buzz
Fizz
Buzz
Fizz
Buzz
Buzz
Buzz
Fizz
Buzz
Fizz
Buzz
Buzz
Buzz
Fizz
Buzz
Fizz
Buzz
Buzz
Buzz
Fizz
Buzz
Buzz
Buzz
Buzz
Buzz
Fizz
Buzz
Fizz
Buzz
Buzz
Buzz
Buzz
Buzz
Fizz
Buzz
Buzz
Buzz
Fizz
Buzz
Fizz
Buzz
Buzz
Buzz
Fizz
Buzz
Buzz
Buzz
Buzz
Buzz
Fizz
Buzz
Buzz
Buzz
Buzz
Buzz
Fizz
Buzz
Fizz
Buzz
Buzz
Buzz
Buzz
Buzz
Fizz
Buzz
Buzz
Buzz
Fizz
Buzz
Fizz
Buzz
Buzz
Buzz
Buzz
Buzz
Buzz
Fizz
Fizz
Buzz
Fizz
Buzz
Fizz
Buzz
Buzz
Buzz
Fizz
Buzz
Fizz
Buzz
Buzz
Buzz
Fizz
Buzz
Fizz
Buzz
Buzz
Buzz
Fizz
Buzz
Buzz
Buzz
Buzz
Buzz
Fizz
Buzz
Fizz
Buzz
Buzz
Buzz
Buzz
Buzz
Fizz
Buzz
Buzz
Buzz
Fizz
Buzz
Fizz
Buzz
Buzz
Buzz
Fizz
Buzz
Buzz
Buzz
Buzz
Buzz
Fizz
Buzz
Buzz
Buzz
Buzz
Buzz
Fizz
Buzz
Fizz
Buzz
Buzz
Buzz
Buzz
Buzz
Fizz
Buzz
Buzz
Buzz
Fizz
Buzz
Fizz
Buzz
Buzz
Buzz
Buzz
Buzz
Fizz
Buzz
Fizz
Fizz
Buzz
Fizz
Buzz
Fizz
Buzz
Buzz
Buzz
Fizz
Buzz
Fizz
Buzz
Buzz
Buzz
Fizz
Buzz
Fizz
Buzz
Buzz
Buzz
Fizz
Buzz
Buzz
Buzz
Buzz
Buzz
Fizz
Buzz
Fizz
Buzz
Buzz
Buzz
Buzz
Buzz
Fizz
Buzz
Buzz
Buzz
Fizz
Buzz
Fizz
Buzz
Buzz
Buzz
Fizz
Buzz
Buzz
Buzz
Buzz
Buzz
Fizz
Buzz
Buzz
Buzz
Buzz
Buzz
Fizz
Buzz
Fizz
Buzz
Buzz
Buzz
Buzz
Buzz
Fizz
Buzz
Buzz
Buzz
Fizz
Buzz
Fizz
Buzz
Buzz
Buzz
Buzz
Buzz
Fizz
Buzz
Buzz
Fizz
Fizz
Buzz
Fizz
Buzz
Fizz
Buzz
Buzz
Buzz
Fizz
Buzz
Fizz
Buzz
Buzz
Buzz
Fizz
Buzz
Fizz
Buzz
Buzz
Buzz
Fizz
Buzz
Buzz
Buzz
Buzz
Buzz
Fizz
Buzz
Fizz
Buzz
Buzz
Buzz
Buzz
Buzz
Fizz
Buzz
Buzz
Buzz
Fizz
Buzz
Fizz
Buzz
Buzz
Buzz
Fizz
Buzz
Buzz
Buzz
Buzz
Buzz
Fizz
Buzz
Buzz
Buzz
Buzz
Buzz
Fizz
Buzz
Fizz
Buzz
Buzz
Buzz
Buzz
Buzz
Fizz
Buzz
Buzz
Buzz
Fizz
Buzz
Fizz
Buzz
Buzz
Buzz
Buzz
Buzz
Fizz
Buzz
Buzz
Buzz
Fizz
Fizz
Buzz
Fizz
Buzz
Fizz
Buzz
Buzz
Buzz
Fizz
Buzz
Fizz
Buzz
Buzz
Buzz
Fizz
Buzz
Fizz
Buzz
Buzz
Buzz
Fizz
Buzz
Buzz
Buzz
Buzz
Buzz
Fizz
Buzz
Fizz
Buzz
Buzz
Buzz
Buzz
Buzz
Fizz
Buzz
Buzz
Buzz
Fizz
Buzz
Fizz
Buzz
Buzz
Buzz
Fizz
Buzz
Buzz
Buzz
Buzz
Buzz
Fizz
Buzz
Buzz
Buzz
Buzz
Buzz
Fizz
Buzz
Fizz
Buzz
Buzz
Buzz
Buzz
Buzz
Fizz
Buzz
Buzz
Buzz
Fizz
Buzz
Fizz
Buzz
Buzz
Buzz
Buzz
Buzz
Fizz
Buzz
Buzz
Buzz
Buzz
Fizz
Fizz
Buzz
Fizz
Buzz
Fizz
Buzz
Buzz
Buzz
Fizz
Buzz
Fizz
Buzz
Buzz
Buzz
Fizz
Buzz
Fizz
Buzz
Buzz
Buzz
Fizz
Buzz
Buzz
Buzz
Buzz
Buzz
Fizz
Buzz
Fizz
Buzz
Buzz
Buzz
Buzz
Buzz
Fizz
Buzz
Buzz
Buzz
Fizz
Buzz
Fizz
Buzz
Buzz
Buzz
Fizz
Buzz
Buzz
Buzz
Buzz
Buzz
Fizz
Buzz
Buzz
Buzz
Buzz
Buzz
Fizz
Buzz
Fizz
Buzz
Buzz
Buzz
Buzz
Buzz
Fizz
Buzz
Buzz
Buzz
Fizz
Buzz
Fizz
Buzz
Buzz
Buzz
Buzz
Buzz
Fizz
Buzz
Buzz
Buzz
Fizz
Buzz
Fizz
Fizz
Buzz
Fizz
Buzz
Fizz
Buzz
Buzz
Buzz
Fizz
Buzz
Fizz
Buzz
Buzz
Buzz
Fizz
Buzz
Fizz
Buzz
Buzz
Buzz
Fizz
Buzz
Buzz
Buzz
Buzz
Buzz
Fizz
Buzz
Fizz
Buzz
Buzz
Buzz
Buzz
Buzz
Fizz
Buzz
Buzz
Buzz
Fizz
Buzz
Fizz
Buzz
Buzz
Buzz
Fizz
Buzz
Buzz
Buzz
Buzz
Buzz
Fizz
Buzz
Buzz
Buzz
Buzz
Buzz
Fizz
Buzz
Fizz
Buzz
Buzz
Buzz
Buzz
Buzz
Fizz
Buzz
Buzz
Buzz
Fizz
Buzz
Fizz
Buzz
Buzz
Buzz
Buzz
Buzz
Fizz
Buzz
Buzz
Buzz
Fizz
Buzz
Buzz
Fizz
Fizz
Buzz
Fizz
Buzz
Fizz
Buzz
Buzz
Buzz
Fizz
Buzz
Fizz
Buzz
Buzz
Buzz
Fizz
Buzz
Fizz
Buzz
Buzz
Buzz
Fizz
Buzz
Buzz
Buzz
Buzz
Buzz
Fizz
Buzz
Fizz
Buzz
Buzz
Buzz
Buzz
Buzz
Fizz
Buzz
Buzz
Buzz
Fizz
Buzz
Fizz
Buzz
Buzz
Buzz
Fizz
Buzz
Buzz
Buzz
Buzz
Buzz
Fizz
Buzz
Buzz
Buzz
Buzz
Buzz
Fizz
Buzz
Fizz
Buzz
Buzz
Buzz
Buzz
Buzz
Fizz
Buzz
Buzz
Buzz
Fizz
Buzz
Fizz
Buzz
Buzz
Buzz
Buzz
Buzz
Fizz
Buzz
Buzz
Buzz
Fizz
Buzz
Buzz
Buzz
Fizz
Fizz
Buzz
Fizz
Buzz
Fizz
Buzz
Buzz
Buzz
Fizz
Buzz
Fizz
Buzz
Buzz
Buzz
Fizz
Buzz
Fizz
Buzz
Buzz
Buzz
Fizz
Buzz
Buzz
Buzz
Buzz
Buzz
Fizz
Buzz
Fizz
Buzz
Buzz
Buzz
Buzz
Buzz
Fizz
Buzz
Buzz
Buzz
Fizz
Buzz
Fizz
Buzz
Buzz
Buzz
Fizz
Buzz
Buzz
Buzz
Buzz
Buzz
Fizz
Buzz
Buzz
Buzz
Buzz
Buzz
Fizz
Buzz
Fizz
Buzz
Buzz
Buzz
Buzz
Buzz
Fizz
Buzz
Buzz
Buzz
Fizz
Buzz
Fizz
Buzz
Buzz
Buzz
Buzz
Buzz
Fizz
Buzz
Buzz
Buzz
Fizz
Buzz
Buzz
Buzz
Buzz
Fizz
Fizz
Buzz
Fizz
Buzz
Fizz
Buzz
Buzz
Buzz
Fizz
Buzz
Fizz
Buzz
Buzz
Buzz
Fizz
Buzz
Fizz
Buzz
Buzz
Buzz
Fizz
Buzz
Buzz
Buzz
Buzz
Buzz
Fizz
Buzz
Fizz
Buzz
Buzz
Buzz
Buzz
Buzz
Fizz
Buzz
Buzz
Buzz
Fizz
Buzz
Fizz
Buzz
Buzz
Buzz
Fizz
Buzz
Buzz
Buzz
Buzz
Buzz
Fizz
Buzz
Buzz
Buzz
Buzz
Buzz
Fizz
Buzz
Fizz
Buzz
Buzz
Buzz
Buzz
Buzz
Fizz
Buzz
Buzz
Buzz
Fizz
Buzz
Fizz
Buzz
Buzz
Buzz
Buzz
Buzz
Fizz
Buzz
Buzz
Buzz
Fizz
Buzz
Buzz
Buzz
Buzz
Buzz
Fizz
Fizz
Buzz
Fizz
Buzz
Fizz
Buzz
Buzz
Buzz
Fizz
Buzz
Fizz
Buzz
Buzz
Buzz
Fizz
Buzz
Fizz
Buzz
Buzz
Buzz
Fizz
Buzz
Buzz
Buzz
Buzz
Buzz
Fizz
Buzz
Fizz
Buzz
Buzz
Buzz
Buzz
Buzz
Fizz
Buzz
Buzz
Buzz
Fizz
Buzz
Fizz
Buzz
Buzz
Buzz
Fizz
Buzz
Buzz
Buzz
Buzz
Buzz
Fizz
Buzz
Buzz
Buzz
Buzz
Buzz
Fizz
Buzz
Fizz
Buzz
Buzz
Buzz
Buzz
Buzz
Fizz
Buzz
Buzz
Buzz
Fizz
Buzz
Fizz
Buzz
Buzz
Buzz
Buzz
Buzz
Fizz
Buzz
Buzz
Buzz
Fizz
Buzz
Buzz
Buzz
Buzz
Buzz
Buzz
Fizz
Fizz
Buzz
Fizz
Buzz
Fizz
Buzz
Buzz
Buzz
Fizz
Buzz
Fizz
Buzz
Buzz
Buzz
Fizz
Buzz
Fizz
Buzz
Buzz
Buzz
Fizz
Buzz
Buzz
Buzz
Buzz
Buzz
Fizz
Buzz
Fizz
Buzz
Buzz
Buzz
Buzz
Buzz
Fizz
Buzz
Buzz
Buzz
Fizz
Buzz
Fizz
Buzz
Buzz
Buzz
Fizz
Buzz
Buzz
Buzz
Buzz
Buzz
Fizz
Buzz
Buzz
Buzz
Buzz
Buzz
Fizz
Buzz
Fizz
Buzz
Buzz
Buzz
Buzz
Buzz
Fizz
Buzz
Buzz
Buzz
Fizz
Buzz
Fizz
Buzz
Buzz
Buzz
Buzz
Buzz
Fizz
Buzz
Buzz
Buzz
Fizz
Buzz
Buzz
Buzz
Buzz
Buzz
Fizz
Buzz
Fizz
Fizz
Buzz
Fizz
Buzz
Fizz
Buzz
Buzz
Buzz
Fizz
Buzz
Fizz
Buzz
Buzz
Buzz
Fizz
Buzz
Fizz
Buzz
Buzz
Buzz
Fizz
Buzz
Buzz
Buzz
Buzz
Buzz
Fizz
Buzz
Fizz
Buzz
Buzz
Buzz
Buzz
Buzz
Fizz
Buzz
Buzz
Buzz
Fizz
Buzz
Fizz
Buzz
Buzz
Buzz
Fizz
Buzz
Buzz
Buzz
Buzz
Buzz
Fizz
Buzz
Buzz
Buzz
Buzz
Buzz
Fizz
Buzz
Fizz
Buzz
Buzz
Buzz
Buzz
Buzz
Fizz
Buzz
Buzz
Buzz
Fizz
Buzz
Fizz
Buzz
Buzz
Buzz
Buzz
Buzz
Fizz
Buzz
Buzz
Buzz
Fizz
Buzz
Buzz
Buzz
Buzz
Buzz
Fizz
Buzz
Buzz
Fizz
Fizz
Buzz
Fizz
Buzz
Fizz
Buzz
Buzz
Buzz
Fizz
Buzz
Fizz
Buzz
Buzz
Buzz
Fizz
Buzz
Fizz
Buzz
Buzz
Buzz
Fizz
Buzz
Buzz
Buzz
Buzz
Buzz
Fizz
Buzz
Fizz
Buzz
Buzz
Buzz
Buzz
Buzz
Fizz
Buzz
Buzz
Buzz
Fizz
Buzz
Fizz
Buzz
Buzz
Buzz
Fizz
Buzz
Buzz
Buzz
Buzz
Buzz
Fizz
Buzz
Buzz
Buzz
Buzz
Buzz
Fizz
Buzz
Fizz
Buzz
Buzz
Buzz
Buzz
Buzz
Fizz
Buzz
Buzz
Buzz
Fizz
Buzz
Fizz
Buzz
Buzz
Buzz
Buzz
Buzz
Fizz
Buzz
Buzz
Buzz
Fizz
Buzz
Buzz
Buzz
Buzz
Buzz
Fizz
Buzz
Buzz
Buzz
Fizz
Fizz
Buzz
Fizz
Buzz
Fizz
Buzz
Buzz
Buzz
Fizz
Buzz
Fizz
Buzz
Buzz
Buzz
Fizz
Buzz
Fizz
Buzz
Buzz
Buzz
Fizz
Buzz
Buzz
Buzz
Buzz
Buzz
Fizz
Buzz
Fizz
Buzz
Buzz
Buzz
Buzz
Buzz
Fizz
Buzz
Buzz
Buzz
Fizz
Buzz
Fizz
Buzz
Buzz
Buzz
Fizz
Buzz
Buzz
Buzz
Buzz
Buzz
Fizz
Buzz
Buzz
Buzz
Buzz
Buzz
Fizz
Buzz
Fizz
Buzz
Buzz
Buzz
Buzz
Buzz
Fizz
Buzz
Buzz
Buzz
Fizz
Buzz
Fizz
Buzz
Buzz
Buzz
Buzz
Buzz
Fizz
Buzz
Buzz
Buzz
Fizz
Buzz
Buzz
Buzz
Buzz
Buzz
Fizz
Buzz
Buzz
Buzz
Buzz
Fizz
Fizz
Buzz
Fizz
Buzz
Fizz
Buzz
Buzz
Buzz
Fizz
Buzz
Fizz
Buzz
Buzz
Buzz
Fizz
Buzz
Fizz
Buzz
Buzz
Buzz
Fizz
Buzz
Buzz
Buzz
Buzz
Buzz
Fizz
Buzz
Fizz
Buzz
Buzz
Buzz
Buzz
Buzz
Fizz
Buzz
Buzz
Buzz
Fizz
Buzz
Fizz
Buzz
Buzz
Buzz
Fizz
Buzz
Buzz
Buzz
Buzz
Buzz
Fizz
Buzz
Buzz
Buzz
Buzz
Buzz
Fizz
Buzz
Fizz
Buzz
Buzz
Buzz
Buzz
Buzz
Fizz
Buzz
Buzz
Buzz
Fizz
Buzz
Fizz
Buzz
Buzz
Buzz
Buzz
Buzz
Fizz
Buzz
Buzz
Buzz
Fizz
Buzz
Buzz
Buzz
Buzz
Buzz
Fizz
Buzz
Buzz
Buzz
Buzz
Buzz
Fizz
Fizz
Buzz
Fizz
Buzz
Fizz
Buzz
Buzz
Buzz
Fizz
Buzz
Fizz
Buzz
Buzz
Buzz
Fizz
Buzz
Fizz
Buzz
Buzz
Buzz
Fizz
Buzz
Buzz
Buzz
Buzz
Buzz
Fizz
Buzz
Fizz
Buzz
Buzz
Buzz
Buzz
Buzz
Fizz
Buzz
Buzz
Buzz
Fizz
Buzz
Fizz
Buzz
Buzz
Buzz
Fizz
Buzz
Buzz
Buzz
Buzz
Buzz
Fizz
Buzz
Buzz
Buzz
Buzz
Buzz
Fizz
Buzz
Fizz
Buzz
Buzz
Buzz
Buzz
Buzz
Fizz
Buzz
Buzz
Buzz
Fizz
Buzz
Fizz
Buzz
Buzz
Buzz
Buzz
Buzz
Fizz
Buzz
Buzz
Buzz
Fizz
Buzz
Buzz
Buzz
Buzz
Buzz
Fizz
Buzz
Buzz
Buzz
Buzz
Buzz
Buzz
Fizz
Fizz
Buzz
Fizz
Buzz
Fizz
Buzz
Buzz
Buzz
Fizz
Buzz
Fizz
Buzz
Buzz
Buzz
Fizz
Buzz
Fizz
Buzz
Buzz
Buzz
Fizz
Buzz
Buzz
Buzz
Buzz
Buzz
Fizz
Buzz
Fizz
Buzz
Buzz
Buzz
Buzz
Buzz
Fizz
Buzz
Buzz
Buzz
Fizz
Buzz
Fizz
Buzz
Buzz
Buzz
Fizz
Buzz
Buzz
Buzz
Buzz
Buzz
Fizz
Buzz
Buzz
Buzz
Buzz
Buzz
Fizz
Buzz
Fizz
Buzz
Buzz
Buzz
Buzz
Buzz
Fizz
Buzz
Buzz
Buzz
Fizz
Buzz
Fizz
Buzz
Buzz
Buzz
Buzz
Buzz
Fizz
Buzz
Buzz
Buzz
Fizz
Buzz
Buzz
Buzz
Buzz
Buzz
Fizz
Buzz
Buzz
Buzz
Buzz
Buzz
Buzz
Buzz
Fizz
Fizz
Buzz
Fizz
Buzz
Fizz
Buzz
Buzz
Buzz
Fizz
Buzz
Fizz
Buzz
Buzz
Buzz
Fizz
Buzz
Fizz
Buzz
Buzz
Buzz
Fizz
Buzz
Buzz
Buzz
Buzz
Buzz
Fizz
Buzz
Fizz
Buzz
Buzz
Buzz
Buzz
Buzz
Fizz
Buzz
Buzz
Buzz
Fizz
Buzz
Fizz
Buzz
Buzz
Buzz
Fizz
Buzz
Buzz
Buzz
Buzz
Buzz
Fizz
Buzz
Buzz
Buzz
Buzz
Buzz
Fizz
Buzz
Fizz
Buzz
Buzz
Buzz
Buzz
Buzz
Fizz
Buzz
Buzz
Buzz
Fizz
Buzz
Fizz
Buzz
Buzz
Buzz
Buzz
Buzz
Fizz
Buzz
Buzz
Buzz
Fizz
Buzz
Buzz
Buzz
Buzz
Buzz
Fizz
Buzz
Buzz
Buzz
Buzz
Buzz
Buzz
Buzz
Buzz
Fizz
Fizz
Buzz
Fizz
Buzz
Fizz
Buzz
Buzz
Buzz
Fizz
Buzz
Fizz
Buzz
Buzz
Buzz
Fizz
Buzz
Fizz
Buzz
Buzz
Buzz
Fizz
Buzz
Buzz
Buzz
Buzz
Buzz
Fizz
Buzz
Fizz
Buzz
Buzz
Buzz
Buzz
Buzz
Fizz
Buzz
Buzz
Buzz
Fizz
Buzz
Fizz
Buzz
Buzz
Buzz
Fizz
Buzz
Buzz
Buzz
Buzz
Buzz
Fizz
Buzz
Buzz
Buzz
Buzz
Buzz
Fizz
Buzz
Fizz
Buzz
Buzz
Buzz
Buzz
Buzz
Fizz
Buzz
Buzz
Buzz
Fizz
Buzz
Fizz
Buzz
Buzz
Buzz
Buzz
Buzz
Fizz
Buzz
Buzz
Buzz
Fizz
Buzz
Buzz
Buzz
Buzz
Buzz
Fizz
Buzz
Buzz
Buzz
Buzz
Buzz
Buzz
Buzz
Fizz
Buzz
Fizz
Fizz
Buzz
Fizz
Buzz
Fizz
Buzz
Buzz
Buzz
Fizz
Buzz
Fizz
Buzz
Buzz
Buzz
Fizz
Buzz
Fizz
Buzz
Buzz
Buzz
Fizz
Buzz
Buzz
Buzz
Buzz
Buzz
Fizz
Buzz
Fizz
Buzz
Buzz
Buzz
Buzz
Buzz
Fizz
Buzz
Buzz
Buzz
Fizz
Buzz
Fizz
Buzz
Buzz
Buzz
Fizz
Buzz
Buzz
Buzz
Buzz
Buzz
Fizz
Buzz
Buzz
Buzz
Buzz
Buzz
Fizz
Buzz
Fizz
Buzz
Buzz
Buzz
Buzz
Buzz
Fizz
Buzz
Buzz
Buzz
Fizz
Buzz
Fizz
Buzz
Buzz
Buzz
Buzz
Buzz
Fizz
Buzz
Buzz
Buzz
Fizz
Buzz
Buzz
Buzz
Buzz
Buzz
Fizz
Buzz
Buzz
Buzz
Buzz
Buzz
Buzz
Buzz
Fizz
Buzz
Buzz
Fizz
Fizz
Buzz
Fizz
Buzz
Fizz
Buzz
Buzz
Buzz
Fizz
Buzz
Fizz
Buzz
Buzz
Buzz
Fizz
Buzz
Fizz
Buzz
Buzz
Buzz
Fizz
Buzz
Buzz
Buzz
Buzz
Buzz
Fizz
Buzz
Fizz
Buzz
Buzz
Buzz
Buzz
Buzz
Fizz
Buzz
Buzz
Buzz
Fizz
Buzz
Fizz
Buzz
Buzz
Buzz
Fizz
Buzz
Buzz
Buzz
Buzz
Buzz
Fizz
Buzz
Buzz
Buzz
Buzz
Buzz
Fizz
Buzz
Fizz
Buzz
Buzz
Buzz
Buzz
Buzz
Fizz
Buzz
Buzz
Buzz
Fizz
Buzz
Fizz
Buzz
Buzz
Buzz
Buzz
Buzz
Fizz
Buzz
Buzz
Buzz
Fizz
Buzz
Buzz
Buzz
Buzz
Buzz
Fizz
Buzz
Buzz
Buzz
Buzz
Buzz
Buzz
Buzz
Fizz
Buzz
Buzz
Buzz
Fizz
Fizz
Buzz
Fizz
Buzz
Fizz
Buzz
Buzz
Buzz
Fizz
Buzz
Fizz
Buzz
Buzz
Buzz
Fizz
Buzz
Fizz
Buzz
Buzz
Buzz
Fizz
Buzz
Buzz
Buzz
Buzz
Buzz
Fizz
Buzz
Fizz
Buzz
Buzz
Buzz
Buzz
Buzz
Fizz
Buzz
Buzz
Buzz
Fizz
Buzz
Fizz
Buzz
Buzz
Buzz
Fizz
Buzz
Buzz
Buzz
Buzz
Buzz
Fizz
Buzz
Buzz
Buzz
Buzz
Buzz
Fizz
Buzz
Fizz
Buzz
Buzz
Buzz
Buzz
Buzz
Fizz
Buzz
Buzz
Buzz
Fizz
Buzz
Fizz
Buzz
Buzz
Buzz
Buzz
Buzz
Fizz
Buzz
Buzz
Buzz
Fizz
Buzz
Buzz
Buzz
Buzz
Buzz
Fizz
Buzz
Buzz
Buzz
Buzz
Buzz
Buzz
Buzz
Fizz
Buzz
Buzz
Buzz
