~~~ Welcome to 38C3! ~~~
~~~ Xfmdpnf up 38D3! ~~~
~~~ Ygneqog vq 38E3! ~~~
~~~ Zhofrph wr 38F3! ~~~
~~~ Aipgsqi xs 38G3! ~~~
~~~ Bjqhtrj yt 38H3! ~~~
~~~ Ckriusk zu 38I3! ~~~
~~~ Dlsjvtl av 38J3! ~~~
~~~ Emtkwum bw 38K3! ~~~
~~~ Fnulxvn cx 38L3! ~~~
~~~ Govmywo dy 38M3! ~~~
~~~ Hpwnzxp ez 38N3! ~~~
~~~ Iqxoayq fa 38O3! ~~~
~~~ Jrypbzr gb 38P3! ~~~
~~~ Kszqcas hc 38Q3! ~~~
~~~ Ltardbt id 38R3! ~~~
~~~ Mubsecu je 38S3! ~~~
~~~ Nvctfdv kf 38T3! ~~~
~~~ Owdugew lg 38U3! ~~~
~~~ Pxevhfx mh 38V3! ~~~
~~~ Qyfwigy ni 38W3! ~~~
~~~ Rzgxjhz oj 38X3! ~~~
~~~ Sahykia pk 38Y3! ~~~
~~~ Tbizljb ql 38Z3! ~~~
~~~ Ucjamkc rm 38A3! ~~~
~~~ Vdkbnld sn 38B3! ~~~
~~~ Welcome to 38C3! ~~~
